   Compiling proc-macro2 v1.0.107
   Compiling unicode-ident v1.0.24
   Compiling quote v1.0.47
   Compiling windows_x86_64_msvc v0.53.1
   Compiling simdutf8 v0.1.5
   Compiling hashbrown v0.17.1
   Compiling tpt-t-ring v0.1.0 (C:\Programming\2 WIP\tpt-teleop\crates\tpt-t-ring)
   Compiling windows-targets v0.53.5
   Compiling windows-sys v0.60.2
   Compiling syn v3.0.4
   Compiling syn v2.0.119
   Compiling ptr_meta_derive v0.3.2
   Compiling bytecheck_derive v0.8.3
   Compiling rkyv_derive v0.8.18
   Compiling munge_macro v0.4.7
   Compiling munge v0.4.7
   Compiling ptr_meta v0.3.2
   Compiling rancor v0.1.3
   Compiling bytecheck v0.8.3
   Compiling rend v0.5.4
   Compiling rkyv v0.8.18
   Compiling tpt-t-core v0.1.0 (C:\Programming\2 WIP\tpt-teleop\crates\tpt-t-core)
   Compiling tpt-t-hal v0.1.0 (C:\Programming\2 WIP\tpt-teleop\crates\tpt-t-hal)
   Compiling tpt-t-safety v0.1.0 (C:\Programming\2 WIP\tpt-teleop\crates\tpt-t-safety)
    Finished `bench` profile [optimized + debuginfo] target(s) in 42.24s
     Running unittests src\lib.rs (target\release\deps\tpt_t_safety-2fb1253e2fb20ff1.exe)

running 16 tests
test geo::tests::clamp_pins_throttle_past_ceiling ... ignored
test geo::tests::clamp_removes_outward_lateral_component_on_hard_breach ... ignored
test geo::tests::soft_warning_attenuates_partially_not_fully ... ignored
test geo::tests::verdict_zones_are_ordered ... ignored
test latency::tests::attenuation_floors_at_twenty_percent ... ignored
test latency::tests::compensate_scales_translational_axes_only ... ignored
test latency::tests::ewma_converges_toward_recent_delay ... ignored
test limits::tests::absolute_clamps_engage ... ignored
test limits::tests::emergency_stop_overwrites_everything ... ignored
test limits::tests::slew_limiting_bounds_step_input ... ignored
test rt::tests::elevation_reports_without_panicking ... ignored
test spline::tests::authority_blend_reaches_target_exactly ... ignored
test spline::tests::illegal_transition_rejected_by_checker ... ignored
test spline::tests::mode_targets_match_spec_semantics ... ignored
test spline::tests::smootherstep_endpoints_and_monotonicity ... ignored
test spline::tests::zero_derivatives_at_ends_c2_continuous ... ignored

test result: ok. 0 passed; 0 failed; 16 ignored; 0 measured; 0 filtered out; finished in 0.00s

     Running benches\intercept_bench.rs (target\release\deps\intercept_bench-ababcf03e102011e.exe)
safety intercept: n=200000 p50=100ns p90=100ns p99=100ns p99.9=200ns max=13400ns
p99.9 < 10 µs budget: PASS
