   Compiling tpt-t-safety v0.1.0 (C:\Programming\2 WIP\tpt-teleop\crates\tpt-t-safety)
    Finished `test` profile [unoptimized + debuginfo] target(s) in 4.82s
     Running unittests src\lib.rs (target\debug\deps\tpt_t_analytics-b52a1e082599825a.exe)

running 1 test
test tests::skeleton_compiles ... ok

test result: ok. 1 passed; 0 failed; 0 ignored; 0 measured; 0 filtered out; finished in 0.00s

     Running unittests src\main.rs (target\debug\deps\tpt_t_cli-00895dcf5dd2ee51.exe)

running 0 tests

test result: ok. 0 passed; 0 failed; 0 ignored; 0 measured; 0 filtered out; finished in 0.00s

     Running unittests src\lib.rs (target\debug\deps\tpt_t_cloud-87513be520b29253.exe)

running 1 test
test tests::skeleton_compiles ... ok

test result: ok. 1 passed; 0 failed; 0 ignored; 0 measured; 0 filtered out; finished in 0.00s

     Running unittests src\lib.rs (target\debug\deps\tpt_t_core-e91845e6cd12eac7.exe)

running 16 tests
test affinity::tests::core_count_is_sane ... ok
test affinity::tests::rejects_out_of_range_and_empty ... ok
test bus::tests::fanout_reaches_all_subscribers_in_order ... ok
test bus::tests::full_subscriber_ring_drops_message_gracefully ... ok
test machine::tests::emergency_stop_is_unconditional_then_latched ... ok
test machine::tests::staged_handover_path ... ok
test mode::tests::default_table_policy ... ok
test ser::cmd::tests::size_is_exactly_56_no_tail_padding_gaps_unverified_but_castable ... ok
test ser::telemetry::tests::layouts_are_dense_and_castable ... ok
test ser::tests::control_command_rkyv_roundtrip_into_prealigned_buffer ... ok
test ser::tests::frame_header_cast_roundtrip ... ok
test machine::tests::direct_teleop_jump_rejected_and_state_unchanged ... ok
test mode::tests::discriminants_stable ... ok
test affinity::tests::pinned_thread_runs_closure ... ok
test bus::tests::cross_thread_publisher_to_two_consumers ... ok
test machine::tests::concurrent_transition_storm_stays_legal ... ok

test result: ok. 16 passed; 0 failed; 0 ignored; 0 measured; 0 filtered out; finished in 0.12s

     Running tests\mpmc_tests.rs (target\debug\deps\mpmc_tests-ff77330c6d58db1e.exe)

running 3 tests
test full_and_empty_semantics ... ok
test spsc_via_mpmc_preserves_order ... ok
test four_producers_four_consumers_exactly_once ... ok

test result: ok. 3 passed; 0 failed; 0 ignored; 0 measured; 0 filtered out; finished in 0.03s

     Running tests\pool_tests.rs (target\debug\deps\pool_tests-1e3e3f301575c85a.exe)

running 2 tests
test exhaust_then_recycle_retains_contents ... ok
test concurrent_hammer_never_oversubscribes ... ok

test result: ok. 2 passed; 0 failed; 0 ignored; 0 measured; 0 filtered out; finished in 0.10s

     Running unittests src\lib.rs (target\debug\deps\tpt_t_hal-9574a9a17650014b.exe)

running 15 tests
test mock::camera::tests::geometry_and_buffer_checks ... ok
test mock::can::tests::fault_injection_drops_every_nth ... ok
test mock::motor::tests::thrust_normalization_matches_speed_squared ... ok
test sim::world::tests::rotate_inv_is_inverse_of_rotate ... ok
test mock::motor::tests::idle_command_decays_to_rest ... ok
test mock::motor::tests::first_order_response_is_monotonic_and_bounded ... ok
test mock::can::tests::bidirectional_roundtrip ... ok
test mock::can::tests::fifo_order_preserved ... ok
test mock::can::tests::overflow_is_dropped_error ... ok
test sim::world::tests::torque_spins_about_z_and_quaternion_stays_unit ... ok
test sim::world::tests::upward_force_climbs_linearly ... ok
test mock::can::tests::cross_thread_ping_pong ... ok
test sim::world::tests::determinism_identical_runs_bit_for_bit ... ok
test mock::motor::tests::read_reports_state_without_advancing_time ... ok
test sim::world::tests::free_fall_matches_kinematics_and_ground_settles ... ok

test result: ok. 15 passed; 0 failed; 0 ignored; 0 measured; 0 filtered out; finished in 0.00s

     Running tests\e2e_sim.rs (target\debug\deps\e2e_sim-4c97917837f5dd25.exe)

running 4 tests
test imu_reports_upward_specific_force_while_climbing ... ok
test zero_thrust_stays_on_the_ground ... ok
test hover_thrust_climbs_and_streams_sensors ... ok
test identical_scenarios_are_bit_deterministic ... ok

test result: ok. 4 passed; 0 failed; 0 ignored; 0 measured; 0 filtered out; finished in 0.00s

     Running unittests src\lib.rs (target\debug\deps\tpt_t_input-05d2835cdedcf1c0.exe)

running 1 test
test tests::skeleton_compiles ... ok

test result: ok. 1 passed; 0 failed; 0 ignored; 0 measured; 0 filtered out; finished in 0.00s

     Running unittests src\lib.rs (target\debug\deps\tpt_t_link-1d6c5768c5a36131.exe)

running 1 test
test tests::skeleton_compiles ... ok

test result: ok. 1 passed; 0 failed; 0 ignored; 0 measured; 0 filtered out; finished in 0.00s

     Running unittests src\lib.rs (target\debug\deps\tpt_t_media-195ad211d2abaf48.exe)

running 1 test
test tests::skeleton_compiles ... ok

test result: ok. 1 passed; 0 failed; 0 ignored; 0 measured; 0 filtered out; finished in 0.00s

     Running unittests src\lib.rs (target\debug\deps\tpt_t_ring-48257fed58f20920.exe)

running 22 tests
test cache_line::tests::occupies_full_cache_line ... ok
test cast::tests::mutable_cast_writes_through ... ok
test cache_line::tests::transparent_access ... ok
test cast::tests::rejects_misaligned ... ok
test cast::tests::rejects_short_buffer ... ok
test cast::tests::user_struct_roundtrip ... ok
test layout::tests::fit_is_inverse_of_for_slots ... ok
test layout::tests::fit_never_exceeds_region ... ok
test layout::tests::layout_is_deterministic_and_aligned ... ok
test ptr::tests::full_ring_returns_pointer_back ... ok
test cast::tests::float_and_array_roundtrip ... ok
test spsc::tests::capacity_rounds_to_power_of_two ... ok
test spsc::tests::fifo_ordering_single_thread ... ok
test spsc::tests::full_and_empty_semantics ... ok
test cast::tests::primitive_roundtrip ... ok
test layout::tests::fit_tiny_region ... ok
test spsc::tests::push_slice_moves_prefix ... ok
test spsc::tests::unconsumed_values_drop_exactly_once ... ok
test ptr::tests::pointer_roundtrip_cross_thread ... ok
test shared::tests::attached_region_cross_thread_roundtrip ... ok
test spsc::tests::sequential_pair_handoff_keeps_order ... ok
test spsc::tests::cross_thread_producer_consumer ... ok

test result: ok. 22 passed; 0 failed; 0 ignored; 0 measured; 0 filtered out; finished in 0.03s

     Running unittests src\lib.rs (target\debug\deps\tpt_t_safety-226c4b5871c8f2a4.exe)

running 16 tests
test geo::tests::clamp_pins_throttle_past_ceiling ... ok
test limits::tests::emergency_stop_overwrites_everything ... ok
test geo::tests::soft_warning_attenuates_partially_not_fully ... ok
test geo::tests::verdict_zones_are_ordered ... ok
test latency::tests::attenuation_floors_at_twenty_percent ... ok
test latency::tests::compensate_scales_translational_axes_only ... ok
test limits::tests::slew_limiting_bounds_step_input ... ok
test limits::tests::absolute_clamps_engage ... ok
test latency::tests::ewma_converges_toward_recent_delay ... ok
test geo::tests::clamp_removes_outward_lateral_component_on_hard_breach ... ok
test rt::tests::elevation_reports_without_panicking ... ok
test spline::tests::authority_blend_reaches_target_exactly ... ok
test spline::tests::illegal_transition_rejected_by_checker ... ok
test spline::tests::smootherstep_endpoints_and_monotonicity ... ok
test spline::tests::zero_derivatives_at_ends_c2_continuous ... ok
test spline::tests::mode_targets_match_spec_semantics ... ok

test result: ok. 16 passed; 0 failed; 0 ignored; 0 measured; 0 filtered out; finished in 0.00s

     Running tests\e2e_safety.rs (target\debug\deps\e2e_safety-47d4e3c7cc2f1345.exe)

running 6 tests
test handover_blend_is_monotonic_c2_and_reaches_target ... ok
test hard_fence_breach_latches_estop_and_zeroes_output ... ok
test hostile_operator_commands_emerge_bounded_and_slewed ... ok
test manual_emergency_stop_intercepts_immediately ... ok
test simulated_drone_flies_inside_envelope_under_safety_loop ... ok
test spawned_safety_thread_processes_until_stopped ... ok

test result: ok. 6 passed; 0 failed; 0 ignored; 0 measured; 0 filtered out; finished in 0.16s

     Running unittests src\lib.rs (target\debug\deps\tpt_t_sec-b77a3df1efbcdaea.exe)

running 1 test
test tests::skeleton_compiles ... ok

test result: ok. 1 passed; 0 failed; 0 ignored; 0 measured; 0 filtered out; finished in 0.00s

   Doc-tests tpt_t_analytics

running 0 tests

test result: ok. 0 passed; 0 failed; 0 ignored; 0 measured; 0 filtered out; finished in 0.00s

   Doc-tests tpt_t_cloud

running 0 tests

test result: ok. 0 passed; 0 failed; 0 ignored; 0 measured; 0 filtered out; finished in 0.00s

   Doc-tests tpt_t_core

running 1 test
test crates\tpt-t-core\src\bus.rs - bus::MessageBus<T>::try_deliver (line 69) ... ignored

test result: ok. 0 passed; 0 failed; 1 ignored; 0 measured; 0 filtered out; finished in 0.00s

all doctests ran in 4.49s; merged doctests compilation took 4.16s
   Doc-tests tpt_t_hal

running 0 tests

test result: ok. 0 passed; 0 failed; 0 ignored; 0 measured; 0 filtered out; finished in 0.00s

   Doc-tests tpt_t_input

running 0 tests

test result: ok. 0 passed; 0 failed; 0 ignored; 0 measured; 0 filtered out; finished in 0.00s

   Doc-tests tpt_t_link

running 0 tests

test result: ok. 0 passed; 0 failed; 0 ignored; 0 measured; 0 filtered out; finished in 0.00s

   Doc-tests tpt_t_media

running 0 tests

test result: ok. 0 passed; 0 failed; 0 ignored; 0 measured; 0 filtered out; finished in 0.00s

   Doc-tests tpt_t_ring

running 0 tests

test result: ok. 0 passed; 0 failed; 0 ignored; 0 measured; 0 filtered out; finished in 0.00s

   Doc-tests tpt_t_safety

running 0 tests

test result: ok. 0 passed; 0 failed; 0 ignored; 0 measured; 0 filtered out; finished in 0.00s

   Doc-tests tpt_t_sec

running 0 tests

test result: ok. 0 passed; 0 failed; 0 ignored; 0 measured; 0 filtered out; finished in 0.00s

TEST=0 
